// Jest Snapshot v1, https://goo.gl/fbAQLP

exports[`components renders without errors 1`] = `ShallowWrapper {}`;
