// Jest Snapshot v1, https://goo.gl/fbAQLP

exports[`landing page renders without errors 1`] = `ShallowWrapper {}`;
